Command line invocation:
    /Applications/Xcode.app/Contents/Developer/usr/bin/xcodebuild build -project /Users/jiefu/Developer/ScreenGuarantor/Research/CaptureMatrix/CaptureMatrix.xcodeproj -scheme CaptureMatrix -destination "platform=iOS Simulator,id=DCF67420-9B92-463F-AE79-858C03C7AA38" -derivedDataPath /Users/jiefu/Developer/ScreenGuarantor/Research/CaptureMatrix/Derived/DD

2026-10-02 15:14:49.591 xcodebuild[27645:583169] [MT] IDERunDestination: Supported platforms for the buildables in the current scheme is empty.
ComputePackagePrebuildTargetDependencyGraph

Prepare packages

CreateBuildRequest

SendProjectDescription

CreateBuildOperation

ComputeTargetDependencyGraph
note: Building targets in dependency order
note: Target dependency graph (1 target)
    Target 'CaptureMatrix' in project 'CaptureMatrix' (no dependencies)

GatherProvisioningInputs

CreateBuildDescription

ClangStatCache /Applications/Xcode.app/Contents/Developer/Toolchains/XcodeDefault.xctoolchain/usr/bin/clang-stat-cache /Applications/Xcode.app/Contents/Developer/Platforms/iPhoneSimulator.platform/Developer/SDKs/iPhoneSimulator27.0.sdk /Users/jiefu/Developer/ScreenGuarantor/Research/CaptureMatrix/Derived/DD/SDKStatCaches.noindex/iphonesimulator27.0-24A430-8dc58220667be655e1bcc261a7455254.sdkstatcache
    cd /Users/jiefu/Developer/ScreenGuarantor/Research/CaptureMatrix/CaptureMatrix.xcodeproj
    /Applications/Xcode.app/Contents/Developer/Toolchains/XcodeDefault.xctoolchain/usr/bin/clang-stat-cache /Applications/Xcode.app/Contents/Developer/Platforms/iPhoneSimulator.platform/Developer/SDKs/iPhoneSimulator27.0.sdk -o /Users/jiefu/Developer/ScreenGuarantor/Research/CaptureMatrix/Derived/DD/SDKStatCaches.noindex/iphonesimulator27.0-24A430-8dc58220667be655e1bcc261a7455254.sdkstatcache

PruneExplicitPrecompiledModules /Users/jiefu/Developer/ScreenGuarantor/Research/CaptureMatrix/Derived/DD/SDKExplicitPrecompiledModules

PruneExplicitPrecompiledModules /Users/jiefu/Developer/ScreenGuarantor/Research/CaptureMatrix/Derived/DD/Build/Intermediates.noindex/ExplicitPrecompiledModules

PruneExplicitPrecompiledModules /Users/jiefu/Developer/ScreenGuarantor/Research/CaptureMatrix/Derived/DD/Build/Intermediates.noindex/SwiftExplicitPrecompiledModules

** BUILD SUCCEEDED **

